// Jest Snapshot v1, https://goo.gl/fbAQLP

exports[`renders 1`] = `
<DocumentFragment>
  <header>
    <img
      alt="logo"
      class="center pb-1 pt-1"
      data-testid="imgLogo"
      src="logoBq.png"
    />
  </header>
</DocumentFragment>
`;
